// Jest Snapshot v1, https://goo.gl/fbAQLP

exports[`<PaginationComponent /> should render the component 1`] = `
<div
  class="sc-bdfBQB"
>
  <h1>
    Pagination - 
    new component
  </h1>
</div>
`;
