// Jest Snapshot v1, https://goo.gl/fbAQLP

exports[`<ButtonComponent /> should render the component 1`] = `
<button
  class="sc-bdfBQB fWrzJR"
>
   
  <label />
</button>
`;
