// Jest Snapshot v1, https://goo.gl/fbAQLP

exports[`<ModalComponent /> should render the component 1`] = `null`;
